******************************************************************************
                  MSP430 Linker PC v4.1.5                      
******************************************************************************
>> Linked Sun Jan 19 22:48:41 2014

OUTPUT FILE NAME:   <Olimex_MSP-169STK_Factory_Demo_CCSv5.out>
ENTRY POINT SYMBOL: "_c_int00"  address: 0000190a


MEMORY CONFIGURATION

         name            origin    length      used     unused   attr    fill
----------------------  --------  ---------  --------  --------  ----  --------
  SFR                   00000000   00000010  00000000  00000010  RWIX
  PERIPHERALS_8BIT      00000010   000000f0  00000000  000000f0  RWIX
  PERIPHERALS_16BIT     00000100   00000100  00000000  00000100  RWIX
  RAM                   00000200   00000800  0000008e  00000772  RWIX
  INFOB                 00001000   00000080  00000000  00000080  RWIX
  INFOA                 00001080   00000080  00000000  00000080  RWIX
  FLASH                 00001100   0000eee0  0000091b  0000e5c5  RWIX
  INT00                 0000ffe0   00000002  00000000  00000002  RWIX
  INT01                 0000ffe2   00000002  00000000  00000002  RWIX
  INT02                 0000ffe4   00000002  00000000  00000002  RWIX
  INT03                 0000ffe6   00000002  00000000  00000002  RWIX
  INT04                 0000ffe8   00000002  00000000  00000002  RWIX
  INT05                 0000ffea   00000002  00000000  00000002  RWIX
  INT06                 0000ffec   00000002  00000000  00000002  RWIX
  INT07                 0000ffee   00000002  00000000  00000002  RWIX
  INT08                 0000fff0   00000002  00000000  00000002  RWIX
  INT09                 0000fff2   00000002  00000002  00000000  RWIX
  INT10                 0000fff4   00000002  00000000  00000002  RWIX
  INT11                 0000fff6   00000002  00000000  00000002  RWIX
  INT12                 0000fff8   00000002  00000000  00000002  RWIX
  INT13                 0000fffa   00000002  00000000  00000002  RWIX
  INT14                 0000fffc   00000002  00000000  00000002  RWIX
  RESET                 0000fffe   00000002  00000002  00000000  RWIX


SECTION ALLOCATION MAP

 output                                  attributes/
section   page    origin      length       input sections
--------  ----  ----------  ----------   ----------------
.init_array 
*          0    00001100    00000000     UNINITIALIZED

.bss       0    00000200    0000003e     UNINITIALIZED
                  00000200    0000003e     main.obj (.bss)

.TI.noinit 
*          0    00000200    00000000     UNINITIALIZED

.stack     0    000009b0    00000050     UNINITIALIZED
                  000009b0    00000002     rts430_eabi.lib : boot.obj (.stack)
                  000009b2    0000004e     --HOLE--

.text      0    00001100    00000872     
                  00001100    00000344     main.obj (.text:main)
                  00001444    000000aa     main.obj (.text:Program_Bytes)
                  000014ee    00000080     main.obj (.text:Read_Bytes)
                  0000156e    00000076     main.obj (.text:InitLCD)
                  000015e4    00000072     main.obj (.text:Erase_Flash)
                  00001656    0000005e     rts430_eabi.lib : autoinit.obj (.text:_auto_init)
                  000016b4    0000005a     main.obj (.text:SEND_CHAR)
                  0000170e    0000005a     main.obj (.text:SEND_CMD)
                  00001768    0000004a     main.obj (.text:usart0_rx)
                  000017b2    00000038     main.obj (.text:InitUSART0)
                  000017ea    0000002c     rts430_eabi.lib : lsl16.obj (.text)
                  00001816    00000026     main.obj (.text:Get_ADC)
                  0000183c    00000024     main.obj (.text:_E)
                  00001860    00000022     main.obj (.text:Delayx100us)
                  00001882    0000001e     main.obj (.text:ADC_ini)
                  000018a0    0000001c     main.obj (.text:Inactive_Flash)
                  000018bc    0000001a     main.obj (.text:Delay)
                  000018d6    0000001a     main.obj (.text:Read_Data)
                  000018f0    0000001a     main.obj (.text:Write_Data)
                  0000190a    0000001a     rts430_eabi.lib : boot.obj (.text:_c_int00_noexit)
                  00001924    00000014     main.obj (.text:UART_transmit)
                  00001938    00000014     rts430_eabi.lib : copy_zero_init.obj (.text:decompress:ZI:__TI_zero_init)
                  0000194c    00000010                     : epilog.obj (.text)
                  0000195c    0000000e     main.obj (.text:DAC_ini)
                  0000196a    00000004     rts430_eabi.lib : pre_init.obj (.text:_system_pre_init)
                  0000196e    00000004                     : exit.obj (.text:abort)

.const     0    00001972    0000009f     
                  00001972    00000021     main.obj (.const:.string:LCD_Message)
                  00001993    00000001     --HOLE-- [fill = 0]
                  00001994    00000011     main.obj (.const:.string:DALLAS_PRESENT_Message)
                  000019a5    00000001     --HOLE-- [fill = 0]
                  000019a6    00000011     main.obj (.const:.string:DISPLAY_RS232_Message)
                  000019b7    00000001     --HOLE-- [fill = 0]
                  000019b8    00000011     main.obj (.const:.string:ERASE_ERR_Message)
                  000019c9    00000001     --HOLE-- [fill = 0]
                  000019ca    00000011     main.obj (.const:.string:ERASE_SUCCESS_Message)
                  000019db    00000001     --HOLE-- [fill = 0]
                  000019dc    00000011     main.obj (.const:.string:PGM_ERROR_Message)
                  000019ed    00000001     --HOLE-- [fill = 0]
                  000019ee    00000011     main.obj (.const:.string:PGM_SUCCESS_Message)
                  000019ff    00000001     --HOLE-- [fill = 0]
                  00001a00    00000011     main.obj (.const:.string:SAVE_RS232_Message)

.cinit     0    00001a12    0000000a     
                  00001a12    00000004     (.cinit..bss.load) [load image, compression = zero_init]
                  00001a16    00000002     (__TI_handler_table)
                  00001a18    00000004     (__TI_cinit_table)

USART0RX   0    0000fff2    00000002     
                  0000fff2    00000002     main.obj (.int09)

.reset     0    0000fffe    00000002     
                  0000fffe    00000002     rts430_eabi.lib : boot.obj (.reset)


LINKER GENERATED COPY TABLES

__TI_cinit_table @ 00001a18 records: 1, size/record: 4, table size: 4
	.bss: load addr=00001a12, load size=00000004 bytes, run addr=00000200, run size=0000003e bytes, compression=zero_init


LINKER GENERATED HANDLER TABLE

__TI_handler_table @ 00001a16 records: 1, size/record: 2, table size: 2
	index: 0, handler: __TI_zero_init


GLOBAL SYMBOLS: SORTED ALPHABETICALLY BY Name 

address    name
--------   ----
000001a0   ADC12CTL0
000001a2   ADC12CTL1
000001a6   ADC12IE
000001a4   ADC12IFG
000001a8   ADC12IV
00000080   ADC12MCTL0
00000081   ADC12MCTL1
0000008a   ADC12MCTL10
0000008b   ADC12MCTL11
0000008c   ADC12MCTL12
0000008d   ADC12MCTL13
0000008e   ADC12MCTL14
0000008f   ADC12MCTL15
00000082   ADC12MCTL2
00000083   ADC12MCTL3
00000084   ADC12MCTL4
00000085   ADC12MCTL5
00000086   ADC12MCTL6
00000087   ADC12MCTL7
00000088   ADC12MCTL8
00000089   ADC12MCTL9
00000140   ADC12MEM0
00000142   ADC12MEM1
00000154   ADC12MEM10
00000156   ADC12MEM11
00000158   ADC12MEM12
0000015a   ADC12MEM13
0000015c   ADC12MEM14
0000015e   ADC12MEM15
00000144   ADC12MEM2
00000146   ADC12MEM3
00000148   ADC12MEM4
0000014a   ADC12MEM5
0000014c   ADC12MEM6
0000014e   ADC12MEM7
00000150   ADC12MEM8
00000152   ADC12MEM9
00001882   ADC_ini
00000057   BCSCTL1
00000058   BCSCTL2
0000196e   C$$EXIT
00000059   CACTL1
0000005a   CACTL2
0000005b   CAPD
000001c0   DAC12_0CTL
000001c8   DAC12_0DAT
000001c2   DAC12_1CTL
000001ca   DAC12_1DAT
0000195c   DAC_ini
00001994   DALLAS_PRESENT_Message
00000056   DCOCTL
000019a6   DISPLAY_RS232_Message
000001e0   DMA0CTL
000001e4   DMA0DA
000001e2   DMA0SA
000001e6   DMA0SZ
000001e8   DMA1CTL
000001ec   DMA1DA
000001ea   DMA1SA
000001ee   DMA1SZ
000001f0   DMA2CTL
000001f4   DMA2DA
000001f2   DMA2SA
000001f6   DMA2SZ
00000122   DMACTL0
00000124   DMACTL1
000018bc   Delay
00001860   Delayx100us
000019b8   ERASE_ERR_Message
000019ca   ERASE_SUCCESS_Message
000015e4   Erase_Flash
00000128   FCTL1
0000012a   FCTL2
0000012c   FCTL3
00001816   Get_ADC
00000072   I2CDCTL
00000076   I2CDRB
00000076   I2CDRW
00000050   I2CIE
00000051   I2CIFG
0000011c   I2CIV
00000052   I2CNDAT
00000118   I2COA
00000073   I2CPSC
0000011a   I2CSA
00000074   I2CSCLH
00000075   I2CSCLL
00000071   I2CTCTL
00000000   IE1
00000001   IE2
00000002   IFG1
00000003   IFG2
000018a0   Inactive_Flash
0000156e   InitLCD
000017b2   InitUSART0
00001972   LCD_Message
00000134   MAC
00000136   MACS
00000004   ME1
00000005   ME2
00000130   MPY
00000132   MPYS
00000138   OP2
00000022   P1DIR
00000025   P1IE
00000024   P1IES
00000023   P1IFG
00000020   P1IN
00000021   P1OUT
00000026   P1SEL
0000002a   P2DIR
0000002d   P2IE
0000002c   P2IES
0000002b   P2IFG
00000028   P2IN
00000029   P2OUT
0000002e   P2SEL
0000001a   P3DIR
00000018   P3IN
00000019   P3OUT
0000001b   P3SEL
0000001e   P4DIR
0000001c   P4IN
0000001d   P4OUT
0000001f   P4SEL
00000032   P5DIR
00000030   P5IN
00000031   P5OUT
00000033   P5SEL
00000036   P6DIR
00000034   P6IN
00000035   P6OUT
00000037   P6SEL
000019dc   PGM_ERROR_Message
000019ee   PGM_SUCCESS_Message
00001444   Program_Bytes
00000224   READ_BUF
0000013c   RESHI
0000013a   RESLO
000014ee   Read_Bytes
000018d6   Read_Data
00001a00   SAVE_RS232_Message
000016b4   SEND_CHAR
0000170e   SEND_CMD
0000013e   SUMEXT
00000055   SVSCTL
00000172   TACCR0
00000174   TACCR1
00000176   TACCR2
00000162   TACCTL0
00000164   TACCTL1
00000166   TACCTL2
00000160   TACTL
0000012e   TAIV
00000170   TAR
00000192   TBCCR0
00000194   TBCCR1
00000196   TBCCR2
00000198   TBCCR3
0000019a   TBCCR4
0000019c   TBCCR5
0000019e   TBCCR6
00000182   TBCCTL0
00000184   TBCCTL1
00000186   TBCCTL2
00000188   TBCCTL3
0000018a   TBCCTL4
0000018c   TBCCTL5
0000018e   TBCCTL6
00000180   TBCTL
0000011e   TBIV
00000190   TBR
00000074   U0BR0
00000075   U0BR1
00000070   U0CTL
00000073   U0MCTL
00000072   U0RCTL
00000076   U0RXBUF
00000071   U0TCTL
00000077   U0TXBUF
0000007c   U1BR0
0000007d   U1BR1
00000078   U1CTL
0000007b   U1MCTL
0000007a   U1RCTL
0000007e   U1RXBUF
00000079   U1TCTL
0000007f   U1TXBUF
00001924   UART_transmit
00000120   WDTCTL
0000020a   WRITE_BUF
000018f0   Write_Data
0000183c   _E
00000a00   __STACK_END
00000050   __STACK_SIZE
00001a18   __TI_CINIT_Base
00001a1c   __TI_CINIT_Limit
00001a16   __TI_Handler_Table_Base
00001a18   __TI_Handler_Table_Limit
UNDEFED    __TI_INITARRAY_Base
UNDEFED    __TI_INITARRAY_Limit
00000001   __TI_args_main
00000001   __TI_exit
00001938   __TI_zero_init
ffffffff   __binit__
ffffffff   __c_args__
00001958   __mspabi_func_epilog_1
00001956   __mspabi_func_epilog_2
00001954   __mspabi_func_epilog_3
00001952   __mspabi_func_epilog_4
00001950   __mspabi_func_epilog_5
0000194e   __mspabi_func_epilog_6
0000194c   __mspabi_func_epilog_7
000017ea   __mspabi_slli
00001812   __mspabi_slli_1
00001800   __mspabi_slli_10
000017fe   __mspabi_slli_11
000017fc   __mspabi_slli_12
000017fa   __mspabi_slli_13
000017f8   __mspabi_slli_14
000017f6   __mspabi_slli_15
00001810   __mspabi_slli_2
0000180e   __mspabi_slli_3
0000180c   __mspabi_slli_4
0000180a   __mspabi_slli_5
00001808   __mspabi_slli_6
00001806   __mspabi_slli_7
00001804   __mspabi_slli_8
00001802   __mspabi_slli_9
00001656   _auto_init
0000190a   _c_int00
0000190a   _c_int00_noexit
0000fffe   _reset_vector
000009b0   _stack
0000196a   _system_pre_init
0000196e   abort
00000205   b1_flag
00000206   b2_flag
00000207   b3_flag
ffffffff   binit
00000204   count
00000208   dls_flag
00000200   i
00001100   main
00000201   proba
00000202   temp
00000203   test
00001768   usart0_rx


GLOBAL SYMBOLS: SORTED BY Symbol Address 

address    name
--------   ----
00000000   IE1
00000001   IE2
00000001   __TI_args_main
00000001   __TI_exit
00000002   IFG1
00000003   IFG2
00000004   ME1
00000005   ME2
00000018   P3IN
00000019   P3OUT
0000001a   P3DIR
0000001b   P3SEL
0000001c   P4IN
0000001d   P4OUT
0000001e   P4DIR
0000001f   P4SEL
00000020   P1IN
00000021   P1OUT
00000022   P1DIR
00000023   P1IFG
00000024   P1IES
00000025   P1IE
00000026   P1SEL
00000028   P2IN
00000029   P2OUT
0000002a   P2DIR
0000002b   P2IFG
0000002c   P2IES
0000002d   P2IE
0000002e   P2SEL
00000030   P5IN
00000031   P5OUT
00000032   P5DIR
00000033   P5SEL
00000034   P6IN
00000035   P6OUT
00000036   P6DIR
00000037   P6SEL
00000050   I2CIE
00000050   __STACK_SIZE
00000051   I2CIFG
00000052   I2CNDAT
00000055   SVSCTL
00000056   DCOCTL
00000057   BCSCTL1
00000058   BCSCTL2
00000059   CACTL1
0000005a   CACTL2
0000005b   CAPD
00000070   U0CTL
00000071   I2CTCTL
00000071   U0TCTL
00000072   I2CDCTL
00000072   U0RCTL
00000073   I2CPSC
00000073   U0MCTL
00000074   I2CSCLH
00000074   U0BR0
00000075   I2CSCLL
00000075   U0BR1
00000076   I2CDRB
00000076   I2CDRW
00000076   U0RXBUF
00000077   U0TXBUF
00000078   U1CTL
00000079   U1TCTL
0000007a   U1RCTL
0000007b   U1MCTL
0000007c   U1BR0
0000007d   U1BR1
0000007e   U1RXBUF
0000007f   U1TXBUF
00000080   ADC12MCTL0
00000081   ADC12MCTL1
00000082   ADC12MCTL2
00000083   ADC12MCTL3
00000084   ADC12MCTL4
00000085   ADC12MCTL5
00000086   ADC12MCTL6
00000087   ADC12MCTL7
00000088   ADC12MCTL8
00000089   ADC12MCTL9
0000008a   ADC12MCTL10
0000008b   ADC12MCTL11
0000008c   ADC12MCTL12
0000008d   ADC12MCTL13
0000008e   ADC12MCTL14
0000008f   ADC12MCTL15
00000118   I2COA
0000011a   I2CSA
0000011c   I2CIV
0000011e   TBIV
00000120   WDTCTL
00000122   DMACTL0
00000124   DMACTL1
00000128   FCTL1
0000012a   FCTL2
0000012c   FCTL3
0000012e   TAIV
00000130   MPY
00000132   MPYS
00000134   MAC
00000136   MACS
00000138   OP2
0000013a   RESLO
0000013c   RESHI
0000013e   SUMEXT
00000140   ADC12MEM0
00000142   ADC12MEM1
00000144   ADC12MEM2
00000146   ADC12MEM3
00000148   ADC12MEM4
0000014a   ADC12MEM5
0000014c   ADC12MEM6
0000014e   ADC12MEM7
00000150   ADC12MEM8
00000152   ADC12MEM9
00000154   ADC12MEM10
00000156   ADC12MEM11
00000158   ADC12MEM12
0000015a   ADC12MEM13
0000015c   ADC12MEM14
0000015e   ADC12MEM15
00000160   TACTL
00000162   TACCTL0
00000164   TACCTL1
00000166   TACCTL2
00000170   TAR
00000172   TACCR0
00000174   TACCR1
00000176   TACCR2
00000180   TBCTL
00000182   TBCCTL0
00000184   TBCCTL1
00000186   TBCCTL2
00000188   TBCCTL3
0000018a   TBCCTL4
0000018c   TBCCTL5
0000018e   TBCCTL6
00000190   TBR
00000192   TBCCR0
00000194   TBCCR1
00000196   TBCCR2
00000198   TBCCR3
0000019a   TBCCR4
0000019c   TBCCR5
0000019e   TBCCR6
000001a0   ADC12CTL0
000001a2   ADC12CTL1
000001a4   ADC12IFG
000001a6   ADC12IE
000001a8   ADC12IV
000001c0   DAC12_0CTL
000001c2   DAC12_1CTL
000001c8   DAC12_0DAT
000001ca   DAC12_1DAT
000001e0   DMA0CTL
000001e2   DMA0SA
000001e4   DMA0DA
000001e6   DMA0SZ
000001e8   DMA1CTL
000001ea   DMA1SA
000001ec   DMA1DA
000001ee   DMA1SZ
000001f0   DMA2CTL
000001f2   DMA2SA
000001f4   DMA2DA
000001f6   DMA2SZ
00000200   i
00000201   proba
00000202   temp
00000203   test
00000204   count
00000205   b1_flag
00000206   b2_flag
00000207   b3_flag
00000208   dls_flag
0000020a   WRITE_BUF
00000224   READ_BUF
000009b0   _stack
00000a00   __STACK_END
00001100   main
00001444   Program_Bytes
000014ee   Read_Bytes
0000156e   InitLCD
000015e4   Erase_Flash
00001656   _auto_init
000016b4   SEND_CHAR
0000170e   SEND_CMD
00001768   usart0_rx
000017b2   InitUSART0
000017ea   __mspabi_slli
000017f6   __mspabi_slli_15
000017f8   __mspabi_slli_14
000017fa   __mspabi_slli_13
000017fc   __mspabi_slli_12
000017fe   __mspabi_slli_11
00001800   __mspabi_slli_10
00001802   __mspabi_slli_9
00001804   __mspabi_slli_8
00001806   __mspabi_slli_7
00001808   __mspabi_slli_6
0000180a   __mspabi_slli_5
0000180c   __mspabi_slli_4
0000180e   __mspabi_slli_3
00001810   __mspabi_slli_2
00001812   __mspabi_slli_1
00001816   Get_ADC
0000183c   _E
00001860   Delayx100us
00001882   ADC_ini
000018a0   Inactive_Flash
000018bc   Delay
000018d6   Read_Data
000018f0   Write_Data
0000190a   _c_int00
0000190a   _c_int00_noexit
00001924   UART_transmit
00001938   __TI_zero_init
0000194c   __mspabi_func_epilog_7
0000194e   __mspabi_func_epilog_6
00001950   __mspabi_func_epilog_5
00001952   __mspabi_func_epilog_4
00001954   __mspabi_func_epilog_3
00001956   __mspabi_func_epilog_2
00001958   __mspabi_func_epilog_1
0000195c   DAC_ini
0000196a   _system_pre_init
0000196e   C$$EXIT
0000196e   abort
00001972   LCD_Message
00001994   DALLAS_PRESENT_Message
000019a6   DISPLAY_RS232_Message
000019b8   ERASE_ERR_Message
000019ca   ERASE_SUCCESS_Message
000019dc   PGM_ERROR_Message
000019ee   PGM_SUCCESS_Message
00001a00   SAVE_RS232_Message
00001a16   __TI_Handler_Table_Base
00001a18   __TI_CINIT_Base
00001a18   __TI_Handler_Table_Limit
00001a1c   __TI_CINIT_Limit
0000fffe   _reset_vector
ffffffff   __binit__
ffffffff   __c_args__
ffffffff   binit
UNDEFED    __TI_INITARRAY_Base
UNDEFED    __TI_INITARRAY_Limit

[248 symbols]
